error: called `find(..).map(..)` on an `Iterator`
  --> $DIR/find_map.rs:20:26
   |
LL |     let _: Option<i32> = a.iter().find(|s| s.parse::<i32>().is_ok()).map(|s| s.parse().unwrap());
   |                          ^^^^^^^^^^^^^^^^^^^^^^^^^^^^^^^^^^^^^^^^^^^^^^^^^^^^^^^^^^^^^^^^^^^^^^^
   |
   = note: `-D clippy::find-map` implied by `-D warnings`
   = help: this is more succinctly expressed by calling `.find_map(..)` instead

error: aborting due to previous error

